// Jest Snapshot v1, https://goo.gl/fbAQLP

exports[`ArticleCard renders an article properly 1`] = `
.c7 {
  font-family: Unica77LLWebMedium , 'Arial', 'serif';
  -webkit-font-smoothing: antialiased;
  font-size: 14px;
  line-height: 1.4em;
  margin: 10px 30px 0 0;
}

.c7.date {
  white-space: nowrap;
}

.c6 {
  font-family: Unica77LLWebMedium , 'Arial', 'serif';
  -webkit-font-smoothing: antialiased;
  font-size: 14px;
  line-height: 1.4em;
  margin: 10px 30px 0 0;
}

.c6.date {
  white-space: nowrap;
}

.c6:before {
  content: "";
  display: inline-block;
  min-width: 10px;
  min-height: 10px;
  border-radius: 50%;
  margin: 6px 10px 1px 0;
  background-color: black;
}

.c6:before {
  min-width: 8px;
  min-height: 8px;
  margin: 0 5px 1px 0;
}

.c5 {
  display: -webkit-box;
  display: -webkit-flex;
  display: -ms-flexbox;
  display: flex;
  -webkit-flex-wrap: wrap;
  -ms-flex-wrap: wrap;
  flex-wrap: wrap;
  display: -webkit-box;
  display: -webkit-flex;
  display: -ms-flexbox;
  display: flex;
  -webkit-align-items: flex-end;
  -webkit-box-align: flex-end;
  -ms-flex-align: flex-end;
  align-items: flex-end;
  color: black;
}

.c11 {
  width: 100%;
  height: 100%;
  object-fit: cover;
  object-position: center;
  -webkit-transition: opacity 0.15s;
  transition: opacity 0.15s;
  display: block;
}

.c9 {
  position: relative;
  width: 50%;
  height: 100%;
  margin-left: 30px;
}

.c0 {
  display: block;
  border: 1px solid;
  border-radius: 2px;
  color: black;
  cursor: pointer;
  text-decoration: none;
  padding: 30px;
  display: -webkit-box;
  display: -webkit-flex;
  display: -ms-flexbox;
  display: flex;
}

.c0 .c10 {
  opacity: 1;
}

.c0:hover .c10 {
  opacity: .7;
}

.c0 .c8 {
  background: white;
}

.c1 {
  display: -webkit-box;
  display: -webkit-flex;
  display: -ms-flexbox;
  display: flex;
  -webkit-flex-direction: column;
  -ms-flex-direction: column;
  flex-direction: column;
  -webkit-box-pack: justify;
  -webkit-justify-content: space-between;
  -ms-flex-pack: justify;
  justify-content: space-between;
  width: 50%;
  margin-bottom: 5px;
}

.c1 .author,
.c1 .date {
  font-family: Unica77LLWebMedium , 'Arial', 'serif';
  -webkit-font-smoothing: antialiased;
  font-size: 16px;
  line-height: 1.1em;
}

.c3 {
  font-family: Unica77LLWebRegular , 'Arial', 'serif';
  -webkit-font-smoothing: antialiased;
  font-size: 45px;
  line-height: 1.2em;
  margin-bottom: 30px;
}

.c2 {
  font-family: Unica77LLWebMedium , 'Arial', 'serif';
  -webkit-font-smoothing: antialiased;
  font-size: 16px;
  line-height: 1.1em;
  margin-bottom: 10px;
}

.c4 {
  font-family: 'Adobe Garamond W08', 'adobe-garamond-pro', 'AGaramondPro-Regular', 'Times New Roman', 'Times', 'serif';
  -webkit-font-smoothing: antialiased;
  font-size: 23px;
  line-height: 1.5em;
}

@media (max-width:720px) {
  .c7 {
    font-family: Unica77LLWebMedium , 'Arial', 'serif';
    -webkit-font-smoothing: antialiased;
    font-size: 12px;
    line-height: 1.4em;
    font-family: Unica77LLWebMedium , 'Arial', 'serif';
    -webkit-font-smoothing: antialiased;
    font-size: 14px;
    line-height: 1.4em;
    margin: 10px 20px 0 0;
  }
}

@media (max-width:720px) {
  .c6 {
    font-family: Unica77LLWebMedium , 'Arial', 'serif';
    -webkit-font-smoothing: antialiased;
    font-size: 12px;
    line-height: 1.4em;
    font-family: Unica77LLWebMedium , 'Arial', 'serif';
    -webkit-font-smoothing: antialiased;
    font-size: 14px;
    line-height: 1.4em;
    margin: 10px 20px 0 0;
  }
}

@media (max-width:720px) {
  .c6:before {
    min-width: 8px;
    min-height: 8px;
  }
}

@media (max-width:900px) {
  .c9 {
    width: 100%;
    margin-left: 0;
    margin-bottom: 10px;
  }
}

@media (max-width:900px) {
  .c0 {
    -webkit-flex-direction: column-reverse;
    -ms-flex-direction: column-reverse;
    flex-direction: column-reverse;
    padding: 20px;
  }
}

@media (max-width:900px) {
  .c1 {
    width: 100%;
    margin-bottom: 0;
  }
}

@media (max-width:900px) {
  .c3 {
    font-family: Unica77LLWebRegular , 'Arial', 'serif';
    -webkit-font-smoothing: antialiased;
    font-size: 32px;
    line-height: 1.1em;
  }
}

@media (max-width:900px) {
  .c4 {
    font-family: 'Adobe Garamond W08', 'adobe-garamond-pro', 'AGaramondPro-Regular', 'Times New Roman', 'Times', 'serif';
    -webkit-font-smoothing: antialiased;
    font-size: 19px;
    line-height: 1.5em;
    margin-bottom: 20px;
  }
}

<a
  className="ArticleCard c0"
  color="black"
  href="new-yorks-next-art-district"
  onClick={[Function]}
>
  <div
    className="c1"
  >
    <div>
      <div
        className="c2"
      >
        <div>
          The Future of Art
        </div>
      </div>
      <div
        className="c3"
      >
        New York's Next Art District
      </div>
      <div
        className="c4"
      >
        Land exhibitions, make influential contacts, and gain valuable feedback about your work.
      </div>
    </div>
    <div
      className="Byline c5"
      color="black"
    >
      <div
        className="author c6"
        color="black"
      >
        By 
        Casey Lesser
      </div>
      <div
        className="date c7"
      >
        May 19, 2017
      </div>
    </div>
  </div>
  <div
    className="c8 c9"
  >
    <img
      className="c10 c11"
      src="https://d7hftxdivxxvm.cloudfront.net?resize_to=fill&src=https%3A%2F%2Fartsy-media-uploads.s3.amazonaws.com%2F7lsxxsw0qPAuKl37jEYitw%252Farticle%2Basset%2B1-hig%2Bres%2Bcopy.jpg&width=680&height=450&quality=95"
    />
  </div>
</a>
`;

exports[`ArticleCard renders an article with children properly 1`] = `
.c9 {
  width: 32px;
  height: 32px;
}

.c7 {
  position: relative;
  width: 50%;
  height: 100%;
  margin-left: 30px;
}

.c0 {
  display: block;
  border: 1px solid;
  border-radius: 2px;
  color: black;
  cursor: pointer;
  text-decoration: none;
  padding: 30px;
  display: -webkit-box;
  display: -webkit-flex;
  display: -ms-flexbox;
  display: flex;
}

.c0 .file__Image-imvfnf-0 {
  opacity: 1;
}

.c0:hover .file__Image-imvfnf-0 {
  opacity: .7;
}

.c0 .c6 {
  background: white;
}

.c1 {
  display: -webkit-box;
  display: -webkit-flex;
  display: -ms-flexbox;
  display: flex;
  -webkit-flex-direction: column;
  -ms-flex-direction: column;
  flex-direction: column;
  -webkit-box-pack: justify;
  -webkit-justify-content: space-between;
  -ms-flex-pack: justify;
  justify-content: space-between;
  width: 50%;
  margin-bottom: 5px;
}

.c1 .author,
.c1 .date {
  font-family: Unica77LLWebMedium , 'Arial', 'serif';
  -webkit-font-smoothing: antialiased;
  font-size: 16px;
  line-height: 1.1em;
}

.c3 {
  font-family: Unica77LLWebRegular , 'Arial', 'serif';
  -webkit-font-smoothing: antialiased;
  font-size: 45px;
  line-height: 1.2em;
  margin-bottom: 30px;
}

.c2 {
  font-family: Unica77LLWebMedium , 'Arial', 'serif';
  -webkit-font-smoothing: antialiased;
  font-size: 16px;
  line-height: 1.1em;
  margin-bottom: 10px;
}

.c4 {
  font-family: 'Adobe Garamond W08', 'adobe-garamond-pro', 'AGaramondPro-Regular', 'Times New Roman', 'Times', 'serif';
  -webkit-font-smoothing: antialiased;
  font-size: 23px;
  line-height: 1.5em;
}

.c5 {
  font-family: Unica77LLWebMedium , 'Arial', 'serif';
  -webkit-font-smoothing: antialiased;
  font-size: 16px;
  line-height: 1.1em;
  display: -webkit-box;
  display: -webkit-flex;
  display: -ms-flexbox;
  display: flex;
  -webkit-align-items: flex-end;
  -webkit-box-align: flex-end;
  -ms-flex-align: flex-end;
  align-items: flex-end;
}

.c5 span {
  margin-right: 5px;
}

.c8 {
  position: absolute;
  left: 20px;
  bottom: 20px;
  right: 20px;
  display: -webkit-box;
  display: -webkit-flex;
  display: -ms-flexbox;
  display: flex;
  -webkit-box-pack: justify;
  -webkit-justify-content: space-between;
  -ms-flex-pack: justify;
  justify-content: space-between;
  -webkit-align-items: flex-end;
  -webkit-box-align: flex-end;
  -ms-flex-align: flex-end;
  align-items: flex-end;
  font-family: Unica77LLWebMedium , 'Arial', 'serif';
  -webkit-font-smoothing: antialiased;
  font-size: 16px;
  line-height: 1.1em;
}

.c8 svg {
  width: 40px;
}

@media (max-width:900px) {
  .c7 {
    width: 100%;
    margin-left: 0;
    margin-bottom: 10px;
  }
}

@media (max-width:900px) {
  .c0 {
    -webkit-flex-direction: column-reverse;
    -ms-flex-direction: column-reverse;
    flex-direction: column-reverse;
    padding: 20px;
  }
}

@media (max-width:900px) {
  .c1 {
    width: 100%;
    margin-bottom: 0;
  }
}

@media (max-width:900px) {
  .c3 {
    font-family: Unica77LLWebRegular , 'Arial', 'serif';
    -webkit-font-smoothing: antialiased;
    font-size: 32px;
    line-height: 1.1em;
  }
}

@media (max-width:900px) {
  .c4 {
    font-family: 'Adobe Garamond W08', 'adobe-garamond-pro', 'AGaramondPro-Regular', 'Times New Roman', 'Times', 'serif';
    -webkit-font-smoothing: antialiased;
    font-size: 19px;
    line-height: 1.5em;
    margin-bottom: 20px;
  }
}

@media (max-width:900px) {
  .c8 svg {
    width: 30px;
  }
}

<a
  className="ArticleCard c0"
  color="black"
  href="joanne-artman-gallery-poetry-naturerefinement-form"
  onClick={[Function]}
>
  <div
    className="c1"
  >
    <div>
      <div
        className="c2"
      >
        <div>
          The Future of Art
        </div>
      </div>
      <div
        className="c3"
      >
        <div>
          Child 
          title
        </div>
      </div>
      <div
        className="c4"
      >
        <div>
          Child 
          description
        </div>
      </div>
    </div>
    <div
      className="c5"
    >
      <div>
        Child 
        date
      </div>
    </div>
  </div>
  <div
    className="c6 c7"
  >
    <div>
      Child 
      image
    </div>
    <div
      className="c8"
    >
      <svg
        className="c9"
        version="1.1"
        viewBox="0 0 40 56"
        x="0px"
        xmlns="http://www.w3.org/2000/svg"
        y="0px"
      >
        <g
          fill="none"
          fillRule="evenodd"
          stroke="none"
          strokeWidth="1"
        >
          <polygon
            fill="black"
            points="0 0 0 56 39.3600006 28"
          />
        </g>
      </svg>
      02:28
    </div>
  </div>
</a>
`;

exports[`ArticleCard renders an article with unpublished media properly 1`] = `
.c11 {
  width: 32px;
  height: 32px;
}

.c5 {
  font-family: Unica77LLWebMedium , 'Arial', 'serif';
  -webkit-font-smoothing: antialiased;
  font-size: 14px;
  line-height: 1.4em;
  margin: 10px 30px 0 0;
}

.c5.date {
  white-space: nowrap;
}

.c9 {
  width: 100%;
  height: 100%;
  object-fit: cover;
  object-position: center;
  -webkit-transition: opacity 0.15s;
  transition: opacity 0.15s;
  display: block;
}

.c7 {
  position: relative;
  width: 50%;
  height: 100%;
  margin-left: 30px;
}

.c0 {
  display: block;
  border: 1px solid;
  border-radius: 2px;
  color: black;
  cursor: pointer;
  text-decoration: none;
  padding: 30px;
  display: -webkit-box;
  display: -webkit-flex;
  display: -ms-flexbox;
  display: flex;
}

.c0 .c8 {
  opacity: 1;
}

.c0:hover .c8 {
  opacity: .7;
}

.c0 .c6 {
  background: white;
}

.c1 {
  display: -webkit-box;
  display: -webkit-flex;
  display: -ms-flexbox;
  display: flex;
  -webkit-flex-direction: column;
  -ms-flex-direction: column;
  flex-direction: column;
  -webkit-box-pack: justify;
  -webkit-justify-content: space-between;
  -ms-flex-pack: justify;
  justify-content: space-between;
  width: 50%;
  margin-bottom: 5px;
}

.c1 .author,
.c1 .date {
  font-family: Unica77LLWebMedium , 'Arial', 'serif';
  -webkit-font-smoothing: antialiased;
  font-size: 16px;
  line-height: 1.1em;
}

.c3 {
  font-family: Unica77LLWebRegular , 'Arial', 'serif';
  -webkit-font-smoothing: antialiased;
  font-size: 45px;
  line-height: 1.2em;
  margin-bottom: 30px;
}

.c2 {
  font-family: Unica77LLWebMedium , 'Arial', 'serif';
  -webkit-font-smoothing: antialiased;
  font-size: 16px;
  line-height: 1.1em;
  margin-bottom: 10px;
}

.c4 {
  font-family: 'Adobe Garamond W08', 'adobe-garamond-pro', 'AGaramondPro-Regular', 'Times New Roman', 'Times', 'serif';
  -webkit-font-smoothing: antialiased;
  font-size: 23px;
  line-height: 1.5em;
}

.c10 {
  position: absolute;
  left: 20px;
  bottom: 20px;
  right: 20px;
  display: -webkit-box;
  display: -webkit-flex;
  display: -ms-flexbox;
  display: flex;
  -webkit-box-pack: justify;
  -webkit-justify-content: space-between;
  -ms-flex-pack: justify;
  justify-content: space-between;
  -webkit-align-items: flex-end;
  -webkit-box-align: flex-end;
  -ms-flex-align: flex-end;
  align-items: flex-end;
  font-family: Unica77LLWebMedium , 'Arial', 'serif';
  -webkit-font-smoothing: antialiased;
  font-size: 16px;
  line-height: 1.1em;
}

.c10 svg {
  width: 40px;
}

@media (max-width:720px) {
  .c5 {
    font-family: Unica77LLWebMedium , 'Arial', 'serif';
    -webkit-font-smoothing: antialiased;
    font-size: 12px;
    line-height: 1.4em;
    font-family: Unica77LLWebMedium , 'Arial', 'serif';
    -webkit-font-smoothing: antialiased;
    font-size: 14px;
    line-height: 1.4em;
    margin: 10px 20px 0 0;
  }
}

@media (max-width:900px) {
  .c7 {
    width: 100%;
    margin-left: 0;
    margin-bottom: 10px;
  }
}

@media (max-width:900px) {
  .c0 {
    -webkit-flex-direction: column-reverse;
    -ms-flex-direction: column-reverse;
    flex-direction: column-reverse;
    padding: 20px;
  }
}

@media (max-width:900px) {
  .c1 {
    width: 100%;
    margin-bottom: 0;
  }
}

@media (max-width:900px) {
  .c3 {
    font-family: Unica77LLWebRegular , 'Arial', 'serif';
    -webkit-font-smoothing: antialiased;
    font-size: 32px;
    line-height: 1.1em;
  }
}

@media (max-width:900px) {
  .c4 {
    font-family: 'Adobe Garamond W08', 'adobe-garamond-pro', 'AGaramondPro-Regular', 'Times New Roman', 'Times', 'serif';
    -webkit-font-smoothing: antialiased;
    font-size: 19px;
    line-height: 1.5em;
    margin-bottom: 20px;
  }
}

@media (max-width:900px) {
  .c10 svg {
    width: 30px;
  }
}

<a
  className="ArticleCard c0"
  color="black"
  href="joanne-artman-gallery-poetry-naturerefinement-form"
  onClick={[Function]}
>
  <div
    className="c1"
  >
    <div>
      <div
        className="c2"
      >
        <div>
          The Future of Art
        </div>
      </div>
      <div
        className="c3"
      >
        Trevor Paglan
      </div>
      <div
        className="c4"
      >
        The elegant spiral of the Nautilus shell, the sinuous pattern of the banks of a river, or the swirling vortex street of clouds - patterns exist.
      </div>
    </div>
    <div
      className="date c5"
    >
      Aug 28, 2017
    </div>
  </div>
  <div
    className="c6 c7"
  >
    <img
      className="c8 c9"
      src="https://d7hftxdivxxvm.cloudfront.net?resize_to=fill&src=https%3A%2F%2Fartsy-media-uploads.s3.amazonaws.com%2FwHFgQlrTrHav5O6bQRJ0dg%252FUntitled%2BSuspended_30x67x33%2B%25282%2529_sm%2Bcropped.jpg&width=680&height=450&quality=95"
    />
    <div
      className="c10"
    >
      <svg
        className="c11"
        version="1.1"
        viewBox="0 0 40 56"
        x="0px"
        xmlns="http://www.w3.org/2000/svg"
        y="0px"
      >
        <g
          fill="none"
          fillRule="evenodd"
          stroke="none"
          strokeWidth="1"
        >
          <polygon
            fill="black"
            points="0 0 0 56 39.3600006 28"
          />
        </g>
      </svg>
      02:28
    </div>
  </div>
</a>
`;
